I'm sorry, but errors were detected in your script. Please correct the
errors listed below, and try again.


The label start is defined twice, at File "game/Chapters/chapter1.rpy", line 1:
label start:
and File "game/script.rpyc", line 11:



Ren'Py Version: Ren'Py 8.1.3.23091805
Sun Jan 14 13:19:46 2024
